2026-09-21 12:37:49.300: [INFO] CurrentProfilePath: D:\Veridex\.metadata\.plugins\org.eclipse.swt\EBWebView\Default
2026-09-21 12:37:49.300: [INFO] Profiles total count: 1
2026-09-21 12:37:49.300: [INFO] Profile: name=Profile 1 path=D:\Veridex\.metadata\.plugins\org.eclipse.swt\EBWebView\Default lastActive=null
2026-09-21 12:37:49.300: [INFO] LastUsedProfileDir: D:\Veridex\.metadata\.plugins\org.eclipse.swt\EBWebView\Default
2026-09-21 12:37:49.300: [INFO] OnDoneLoading sync enabled: 0
2026-09-21 12:37:49.300: [INFO] BookmarkModelLoaded, ids_reassigned: 0
2026-09-21 12:37:49.300: [INFO] BookmarksLoadDropped droppedNodes=0
2026-09-21 12:37:49.300: [INFO] BookmarksSnapshot Startup total=0 bar=0 other=0 mobile=0 showBar=0 showBarNTP=1
2026-09-21 12:58:55.489: [INFO] BookmarksSnapshot Shutdown total=0 bar=0 other=0 mobile=0 showBar=0 showBarNTP=1
2026-09-21 13:39:47.476: [INFO] CurrentProfilePath: D:\Veridex\.metadata\.plugins\org.eclipse.swt\EBWebView\Default
2026-09-21 13:39:47.476: [INFO] Profiles total count: 1
2026-09-21 13:39:47.476: [INFO] Profile: name=Profile 1 path=D:\Veridex\.metadata\.plugins\org.eclipse.swt\EBWebView\Default lastActive=null
2026-09-21 13:39:47.476: [INFO] LastUsedProfileDir: D:\Veridex\.metadata\.plugins\org.eclipse.swt\EBWebView\Default
2026-09-21 13:39:47.476: [INFO] OnDoneLoading sync enabled: 0
2026-09-21 13:39:47.476: [INFO] BookmarkModelLoaded, ids_reassigned: 0
2026-09-21 13:39:47.476: [INFO] BookmarksLoadDropped droppedNodes=0
2026-09-21 13:39:47.476: [INFO] BookmarksSnapshot Startup total=0 bar=0 other=0 mobile=0 showBar=0 showBarNTP=1
2026-09-21 13:46:12.173: [INFO] BookmarksSnapshot Shutdown total=0 bar=0 other=0 mobile=0 showBar=0 showBarNTP=1
2026-09-21 16:06:35.562: [INFO] CurrentProfilePath: D:\Veridex\.metadata\.plugins\org.eclipse.swt\EBWebView\Default
2026-09-21 16:06:35.562: [INFO] Profiles total count: 1
2026-09-21 16:06:35.562: [INFO] Profile: name=Profile 1 path=D:\Veridex\.metadata\.plugins\org.eclipse.swt\EBWebView\Default lastActive=null
2026-09-21 16:06:35.562: [INFO] LastUsedProfileDir: D:\Veridex\.metadata\.plugins\org.eclipse.swt\EBWebView\Default
2026-09-21 16:06:35.562: [INFO] OnDoneLoading sync enabled: 0
2026-09-21 16:06:35.562: [INFO] BookmarkModelLoaded, ids_reassigned: 0
2026-09-21 16:06:35.562: [INFO] BookmarksLoadDropped droppedNodes=0
2026-09-21 16:06:35.562: [INFO] BookmarksSnapshot Startup total=0 bar=0 other=0 mobile=0 showBar=0 showBarNTP=1
2026-09-21 16:09:32.796: [INFO] BookmarksSnapshot Shutdown total=0 bar=0 other=0 mobile=0 showBar=0 showBarNTP=1
